arch/arm64/Makefile:27: ld does not support --fix-cortex-a53-843419; kernel may be susceptible to erratum
arch/arm64/Makefile:52: Detected assembler with broken .inst; disassembly will be unreliable
  GEN     Makefile
  WRAP    arch/arm64/include/generated/uapi/asm/kvm_para.h
  WRAP    arch/arm64/include/generated/uapi/asm/errno.h
  WRAP    arch/arm64/include/generated/uapi/asm/ioctl.h
  WRAP    arch/arm64/include/generated/uapi/asm/ioctls.h
  WRAP    arch/arm64/include/generated/uapi/asm/ipcbuf.h
  WRAP    arch/arm64/include/generated/uapi/asm/mman.h
  WRAP    arch/arm64/include/generated/uapi/asm/msgbuf.h
  WRAP    arch/arm64/include/generated/uapi/asm/poll.h
  WRAP    arch/arm64/include/generated/uapi/asm/resource.h
  WRAP    arch/arm64/include/generated/uapi/asm/sembuf.h
  WRAP    arch/arm64/include/generated/uapi/asm/shmbuf.h
  WRAP    arch/arm64/include/generated/uapi/asm/siginfo.h
  WRAP    arch/arm64/include/generated/uapi/asm/socket.h
  WRAP    arch/arm64/include/generated/uapi/asm/stat.h
  WRAP    arch/arm64/include/generated/uapi/asm/swab.h
  WRAP    arch/arm64/include/generated/uapi/asm/sockios.h
  WRAP    arch/arm64/include/generated/uapi/asm/termbits.h
  WRAP    arch/arm64/include/generated/uapi/asm/types.h
  WRAP    arch/arm64/include/generated/uapi/asm/termios.h
  UPD     include/generated/uapi/linux/version.h
  WRAP    arch/arm64/include/generated/asm/bugs.h
  WRAP    arch/arm64/include/generated/asm/delay.h
  WRAP    arch/arm64/include/generated/asm/div64.h
  WRAP    arch/arm64/include/generated/asm/dma.h
  WRAP    arch/arm64/include/generated/asm/dma-contiguous.h
  WRAP    arch/arm64/include/generated/asm/dma-mapping.h
  WRAP    arch/arm64/include/generated/asm/early_ioremap.h
  WRAP    arch/arm64/include/generated/asm/emergency-restart.h
  WRAP    arch/arm64/include/generated/asm/hw_irq.h
  WRAP    arch/arm64/include/generated/asm/irq_regs.h
  WRAP    arch/arm64/include/generated/asm/kdebug.h
  WRAP    arch/arm64/include/generated/asm/kmap_types.h
  HOSTCC  scripts/unifdef
  WRAP    arch/arm64/include/generated/asm/local.h
  WRAP    arch/arm64/include/generated/asm/local64.h
  WRAP    arch/arm64/include/generated/asm/mcs_spinlock.h
  WRAP    arch/arm64/include/generated/asm/mm-arch-hooks.h
  WRAP    arch/arm64/include/generated/asm/mmiowb.h
  WRAP    arch/arm64/include/generated/asm/msi.h
  WRAP    arch/arm64/include/generated/asm/qrwlock.h
  HOSTCC  scripts/dtc/dtc.o
  WRAP    arch/arm64/include/generated/asm/qspinlock.h
  WRAP    arch/arm64/include/generated/asm/serial.h
  WRAP    arch/arm64/include/generated/asm/set_memory.h
  WRAP    arch/arm64/include/generated/asm/switch_to.h
  WRAP    arch/arm64/include/generated/asm/trace_clock.h
  WRAP    arch/arm64/include/generated/asm/unaligned.h
  WRAP    arch/arm64/include/generated/asm/user.h
  WRAP    arch/arm64/include/generated/asm/vga.h
  HOSTCC  scripts/dtc/flattree.o
  UPD     include/config/kernel.release
  HOSTCC  scripts/dtc/fstree.o
  HOSTCC  scripts/dtc/data.o
  HOSTCC  scripts/dtc/livetree.o
  HOSTCC  scripts/dtc/treesource.o
  HOSTCC  scripts/dtc/srcpos.o
  HOSTCC  scripts/dtc/checks.o
  HOSTCC  scripts/dtc/util.o
  LEX     scripts/dtc/dtc-lexer.lex.c
  YACC    scripts/dtc/dtc-parser.tab.[ch]
  HOSTCC  scripts/dtc/yamltree.o
  HOSTCC  scripts/dtc/dtc-lexer.lex.o
  HOSTCC  scripts/dtc/dtc-parser.tab.o
"using default camera path"
"techpack-dirs:=../techpack/audio ../techpack/camera ../techpack/dataipa ../techpack/datarmnet-ext ../techpack/datarmnet ../techpack/display ../techpack/stub ../techpack/video"
  HOSTLD  scripts/dtc/dtc
"HOLI SPECTRA_CAMERA IS MODULAR"
"SPECTRA_CAMERA IS STATIC"
"SPECTRA CAMERA IS BUILT AS DLKM"
  HOSTCC  scripts/genksyms/genksyms.o
  HOSTCC  scripts/selinux/genheaders/genheaders
  UPD     include/generated/utsrelease.h
  HOSTCC  scripts/selinux/mdp/mdp
  HDRINST usr/include/asm-generic/auxvec.h
  HDRINST usr/include/asm-generic/bitsperlong.h
  HDRINST usr/include/asm-generic/bpf_perf_event.h
  HDRINST usr/include/asm-generic/errno-base.h
  HDRINST usr/include/asm-generic/errno.h
  HDRINST usr/include/asm-generic/fcntl.h
  YACC    scripts/genksyms/parse.tab.[ch]
  HDRINST usr/include/asm-generic/hugetlb_encode.h
  HDRINST usr/include/asm-generic/int-l64.h
  DTC     arch/arm64/boot/dts/allwinner/sun50i-a64-amarula-relic.dtb
  HDRINST usr/include/asm-generic/int-ll64.h
  HDRINST usr/include/asm-generic/ioctl.h
  HDRINST usr/include/asm-generic/ioctls.h
  DTC     arch/arm64/boot/dts/allwinner/sun50i-a64-bananapi-m64.dtb
  HDRINST usr/include/asm-generic/ipcbuf.h
  HDRINST usr/include/asm-generic/kvm_para.h
  DTC     arch/arm64/boot/dts/allwinner/sun50i-a64-nanopi-a64.dtb
  HDRINST usr/include/asm-generic/mman-common.h
  LEX     scripts/genksyms/lex.lex.c
  HDRINST usr/include/asm-generic/mman.h
  HOSTCC  scripts/genksyms/parse.tab.o
  HDRINST usr/include/asm-generic/msgbuf.h
  DTC     arch/arm64/boot/dts/allwinner/sun50i-a64-oceanic-5205-5inmfd.dtb
  HDRINST usr/include/asm-generic/param.h
  HDRINST usr/include/asm-generic/poll.h
  DTC     arch/arm64/boot/dts/allwinner/sun50i-a64-olinuxino.dtb
  HDRINST usr/include/asm-generic/posix_types.h
  HDRINST usr/include/asm-generic/resource.h
  DTC     arch/arm64/boot/dts/allwinner/sun50i-a64-olinuxino-emmc.dtb
  HDRINST usr/include/asm-generic/sembuf.h
  HDRINST usr/include/asm-generic/setup.h
  DTC     arch/arm64/boot/dts/allwinner/sun50i-a64-orangepi-win.dtb
  HDRINST usr/include/asm-generic/shmbuf.h
  HDRINST usr/include/asm-generic/siginfo.h
  DTC     arch/arm64/boot/dts/allwinner/sun50i-a64-pine64-lts.dtb
  HDRINST usr/include/asm-generic/signal-defs.h
  HDRINST usr/include/asm-generic/signal.h
  HDRINST usr/include/asm-generic/socket.h
  DTC     arch/arm64/boot/dts/allwinner/sun50i-a64-pine64-plus.dtb
  HDRINST usr/include/asm-generic/sockios.h
  DTC     arch/arm64/boot/dts/allwinner/sun50i-a64-pine64.dtb
  HDRINST usr/include/asm-generic/stat.h
  HDRINST usr/include/asm-generic/statfs.h
  DTC     arch/arm64/boot/dts/allwinner/sun50i-a64-pinebook.dtb
  HDRINST usr/include/asm-generic/swab.h
  HDRINST usr/include/asm-generic/termbits.h
  HDRINST usr/include/asm-generic/termios.h
  DTC     arch/arm64/boot/dts/allwinner/sun50i-a64-sopine-baseboard.dtb
  HDRINST usr/include/asm-generic/types.h
  HDRINST usr/include/asm-generic/ucontext.h
  DTC     arch/arm64/boot/dts/allwinner/sun50i-a64-teres-i.dtb
  HDRINST usr/include/asm-generic/unistd.h
  HDRINST usr/include/drm/amdgpu_drm.h
  DTC     arch/arm64/boot/dts/allwinner/sun50i-h5-bananapi-m2-plus.dtb
  HOSTCC  scripts/genksyms/lex.lex.o
  HDRINST usr/include/drm/armada_drm.h
  HDRINST usr/include/drm/drm.h
  DTC     arch/arm64/boot/dts/allwinner/sun50i-h5-bananapi-m2-plus-v1.2.dtb
  HDRINST usr/include/drm/drm_fourcc.h
  DTC     arch/arm64/boot/dts/allwinner/sun50i-h5-emlid-neutis-n5-devboard.dtb
  HDRINST usr/include/drm/drm_mode.h
  DTC     arch/arm64/boot/dts/allwinner/sun50i-h5-libretech-all-h3-cc.dtb
  HDRINST usr/include/drm/drm_sarea.h
basename: missing operand
Try 'basename --help' for more information.
  HDRINST usr/include/drm/etnaviv_drm.h
  DTC     arch/arm64/boot/dts/allwinner/sun50i-h5-nanopi-neo2.dtb
  HDRINST usr/include/drm/exynos_drm.h
  HDRINST usr/include/drm/i810_drm.h
  DTC     arch/arm64/boot/dts/allwinner/sun50i-h5-nanopi-neo-plus2.dtb
  HDRINST usr/include/drm/i915_drm.h
  DTC     arch/arm64/boot/dts/allwinner/sun50i-h5-orangepi-pc2.dtb
  HDRINST usr/include/drm/lima_drm.h
  HDRINST usr/include/drm/mga_drm.h
  DTC     arch/arm64/boot/dts/allwinner/sun50i-h5-orangepi-prime.dtb
  HDRINST usr/include/drm/msm_drm.h
  HDRINST usr/include/drm/nouveau_drm.h
  DTC     arch/arm64/boot/dts/allwinner/sun50i-h5-orangepi-zero-plus.dtb
  HDRINST usr/include/drm/omap_drm.h
  HDRINST usr/include/drm/panfrost_drm.h
  DTC     arch/arm64/boot/dts/allwinner/sun50i-h5-orangepi-zero-plus2.dtb
  HDRINST usr/include/drm/qxl_drm.h
  DTC     arch/arm64/boot/dts/allwinner/sun50i-h6-beelink-gs1.dtb
  HDRINST usr/include/drm/r128_drm.h
  DTC     arch/arm64/boot/dts/allwinner/sun50i-h6-orangepi-3.dtb
  HDRINST usr/include/drm/radeon_drm.h
  DTC     arch/arm64/boot/dts/allwinner/sun50i-h6-orangepi-lite2.dtb
  HDRINST usr/include/drm/savage_drm.h
  HDRINST usr/include/drm/sis_drm.h
  HDRINST usr/include/drm/tegra_drm.h
  DTC     arch/arm64/boot/dts/allwinner/sun50i-h6-orangepi-one-plus.dtb
  HDRINST usr/include/drm/v3d_drm.h
  DTC     arch/arm64/boot/dts/allwinner/sun50i-h6-pine-h64.dtb
  HDRINST usr/include/drm/vc4_drm.h
  DTC     arch/arm64/boot/dts/allwinner/sun50i-h6-tanix-tx6.dtb
  HDRINST usr/include/drm/vgem_drm.h
  HDRINST usr/include/drm/via_drm.h
  HDRINST usr/include/drm/virtgpu_drm.h
  HDRINST usr/include/drm/vmwgfx_drm.h
  HDRINST usr/include/linux/acct.h
  HDRINST usr/include/linux/adb.h
  HDRINST usr/include/linux/adfs_fs.h
  HDRINST usr/include/linux/affs_hardblocks.h
  DTC     arch/arm64/boot/dts/hisilicon/hi3660-hikey960.dtb
  HDRINST usr/include/linux/agpgart.h
  HDRINST usr/include/linux/aio_abi.h
  HDRINST usr/include/linux/am437x-vpfe.h
  HDRINST usr/include/linux/android/binder.h
  DTC     arch/arm64/boot/dts/hisilicon/hi3670-hikey970.dtb
  HDRINST usr/include/linux/android/binderfs.h
  HDRINST usr/include/linux/apm_bios.h
  HDRINST usr/include/linux/arcfb.h
  DTC     arch/arm64/boot/dts/hisilicon/hi3798cv200-poplar.dtb
  HDRINST usr/include/linux/arm_sdei.h
  DTC     arch/arm64/boot/dts/hisilicon/hi6220-hikey.dtb
  HDRINST usr/include/linux/aspeed-lpc-ctrl.h
  HDRINST usr/include/linux/aspeed-p2a-ctrl.h
  HDRINST usr/include/linux/atalk.h
  DTC     arch/arm64/boot/dts/hisilicon/hip05-d02.dtb
  HDRINST usr/include/linux/atm.h
  HDRINST usr/include/linux/atm_eni.h
  DTC     arch/arm64/boot/dts/hisilicon/hip06-d03.dtb
  HDRINST usr/include/linux/atm_he.h
  DTC     arch/arm64/boot/dts/hisilicon/hip07-d05.dtb
  HDRINST usr/include/linux/atm_idt77105.h
  HDRINST usr/include/linux/atm_nicstar.h
  HDRINST usr/include/linux/atm_tcp.h
  HOSTLD  scripts/genksyms/genksyms
  HDRINST usr/include/linux/atm_zatm.h
  HDRINST usr/include/linux/atmapi.h
  HOSTCC  scripts/kallsyms
  HDRINST usr/include/linux/atmarp.h
  DTC     arch/arm64/boot/dts/qcom/apq8016-sbc.dtb
  HDRINST usr/include/linux/atmbr2684.h
  HDRINST usr/include/linux/atmclip.h
  HDRINST usr/include/linux/atmdev.h
  DTC     arch/arm64/boot/dts/qcom/apq8096-db820c.dtb
  HDRINST usr/include/linux/atmioc.h
  HDRINST usr/include/linux/atmlec.h
  HDRINST usr/include/linux/atmmpc.h
  HDRINST usr/include/linux/atmppp.h
  HDRINST usr/include/linux/atmsap.h
  HDRINST usr/include/linux/atmsvc.h
  DTC     arch/arm64/boot/dts/qcom/ipq8074-hk01.dtb
  HDRINST usr/include/linux/audit.h
../arch/arm64/boot/dts/qcom/ipq8074-hk01.dts:61.5-15: Warning (reg_format): /soc/nand@79b0000/nand@0:reg: property has invalid length (4 bytes) (#address-cells == 2, #size-cells == 1)
arch/arm64/boot/dts/qcom/ipq8074-hk01.dtb: Warning (pci_device_bus_num): Failed prerequisite 'reg_format'
arch/arm64/boot/dts/qcom/ipq8074-hk01.dtb: Warning (i2c_bus_reg): Failed prerequisite 'reg_format'
arch/arm64/boot/dts/qcom/ipq8074-hk01.dtb: Warning (spi_bus_reg): Failed prerequisite 'reg_format'
../arch/arm64/boot/dts/qcom/ipq8074-hk01.dts:60.11-65.6: Warning (avoid_default_addr_size): /soc/nand@79b0000/nand@0: Relying on default #address-cells value
../arch/arm64/boot/dts/qcom/ipq8074-hk01.dts:60.11-65.6: Warning (avoid_default_addr_size): /soc/nand@79b0000/nand@0: Relying on default #size-cells value
  DTC     arch/arm64/boot/dts/qcom/msm8916-mtp.dtb
  HDRINST usr/include/linux/auto_dev-ioctl.h
  HDRINST usr/include/linux/auto_fs.h
  DTC     arch/arm64/boot/dts/qcom/msm8916-longcheer-l8150.dtb
  HDRINST usr/include/linux/auto_fs4.h
  HDRINST usr/include/linux/auxvec.h
  DTC     arch/arm64/boot/dts/qcom/msm8916-samsung-a3u-eur.dtb
  HDRINST usr/include/linux/ax25.h
  HDRINST usr/include/linux/b1lli.h
  HDRINST usr/include/linux/batadv_packet.h
  DTC     arch/arm64/boot/dts/qcom/msm8916-samsung-a5u-eur.dtb
  HDRINST usr/include/linux/batman_adv.h
  DTC     arch/arm64/boot/dts/qcom/msm8992-bullhead-rev-101.dtb
  HDRINST usr/include/linux/baycom.h
  HDRINST usr/include/linux/bcache.h
  DTC     arch/arm64/boot/dts/qcom/msm8994-angler-rev-101.dtb
  HDRINST usr/include/linux/bcm933xx_hcs.h
  DTC     arch/arm64/boot/dts/qcom/msm8996-mtp.dtb
  HDRINST usr/include/linux/bfs_fs.h
  HDRINST usr/include/linux/binfmts.h
  HDRINST usr/include/linux/blkpg.h
  HDRINST usr/include/linux/blktrace_api.h
  DTC     arch/arm64/boot/dts/qcom/msm8998-asus-novago-tp370ql.dtb
  HDRINST usr/include/linux/blkzoned.h
  HOSTCC  scripts/sortextable
  HDRINST usr/include/linux/bpf.h
  DTC     arch/arm64/boot/dts/qcom/msm8998-hp-envy-x2.dtb
  HDRINST usr/include/linux/bpf_common.h
  DTC     arch/arm64/boot/dts/qcom/msm8998-lenovo-miix-630.dtb
  HDRINST usr/include/linux/bpf_perf_event.h
  HDRINST usr/include/linux/bpfilter.h
  HDRINST usr/include/linux/bpqether.h
  DTC     arch/arm64/boot/dts/qcom/msm8998-mtp.dtb
  HDRINST usr/include/linux/bsg.h
  HDRINST usr/include/linux/bt-bmc.h
  HDRINST usr/include/linux/btf.h
  HDRINST usr/include/linux/btrfs.h
  DTC     arch/arm64/boot/dts/qcom/sdm845-cheza-r1.dtb
  HDRINST usr/include/linux/btrfs_tree.h
  HDRINST usr/include/linux/byteorder/big_endian.h
  HDRINST usr/include/linux/byteorder/little_endian.h
  HDRINST usr/include/linux/caif/caif_socket.h
  HDRINST usr/include/linux/caif/if_caif.h
  HDRINST usr/include/linux/can.h
  HDRINST usr/include/linux/can/bcm.h
  HDRINST usr/include/linux/can/error.h
  DTC     arch/arm64/boot/dts/qcom/sdm845-cheza-r2.dtb
  HDRINST usr/include/linux/can/gw.h
  HDRINST usr/include/linux/can/j1939.h
  HDRINST usr/include/linux/can/netlink.h
  HDRINST usr/include/linux/can/raw.h
  HDRINST usr/include/linux/can/vxcan.h
  HDRINST usr/include/linux/capability.h
  DTC     arch/arm64/boot/dts/qcom/sdm845-cheza-r3.dtb
  HDRINST usr/include/linux/capi.h
  HDRINST usr/include/linux/cciss_defs.h
  HDRINST usr/include/linux/cciss_ioctl.h
  HDRINST usr/include/linux/cdrom.h
  HOSTCC  scripts/asn1_compiler
  HDRINST usr/include/linux/cec-funcs.h
  DTC     arch/arm64/boot/dts/qcom/sdm845-db845c.dtb
  HDRINST usr/include/linux/cec.h
  HDRINST usr/include/linux/cgroupstats.h
  HDRINST usr/include/linux/chio.h
  DTC     arch/arm64/boot/dts/qcom/sdm845-mtp.dtb
  HDRINST usr/include/linux/cifs/cifs_mount.h
  HDRINST usr/include/linux/cm4000_cs.h
  HDRINST usr/include/linux/cn_proc.h
  HDRINST usr/include/linux/coda.h
  HDRINST usr/include/linux/coff.h
  DTC     arch/arm64/boot/dts/qcom/sdm850-lenovo-yoga-c630.dtb
  HDRINST usr/include/linux/connector.h
  HDRINST usr/include/linux/const.h
  HDRINST usr/include/linux/coresight-stm.h
  HDRINST usr/include/linux/cramfs_fs.h
  HDRINST usr/include/linux/cryptouser.h
  HDRINST usr/include/linux/cuda.h
  DTC     arch/arm64/boot/dts/qcom/sm8150-mtp.dtb
  HDRINST usr/include/linux/cyclades.h
  HDRINST usr/include/linux/cycx_cfm.h
  HDRINST usr/include/linux/dcbnl.h
  DTC     arch/arm64/boot/dts/qcom/qcs404-evb-1000.dtb
  HDRINST usr/include/linux/dccp.h
  HDRINST usr/include/linux/devlink.h
  DTC     arch/arm64/boot/dts/qcom/qcs404-evb-4000.dtb
  HDRINST usr/include/linux/dlm.h
  HDRINST usr/include/linux/dlm_device.h
  HDRINST usr/include/linux/dlm_netlink.h
  HDRINST usr/include/linux/dlm_plock.h
  HDRINST usr/include/linux/dlmconstants.h
  HDRINST usr/include/linux/dm-ioctl.h
  HDRINST usr/include/linux/dm-log-userspace.h
  DTC     arch/arm64/boot/dts/vendor/qcom/holi-moto-base.dtb
  HDRINST usr/include/linux/dma-buf.h
  HDRINST usr/include/linux/dn.h
  HDRINST usr/include/linux/dns_resolver.h
  HDRINST usr/include/linux/dqblk_xfs.h
  HDRINST usr/include/linux/dvb/audio.h
  HDRINST usr/include/linux/dvb/ca.h
  HDRINST usr/include/linux/dvb/dmx.h
  HDRINST usr/include/linux/dvb/frontend.h
  HDRINST usr/include/linux/dvb/net.h
  HDRINST usr/include/linux/dvb/osd.h
  HDRINST usr/include/linux/dvb/version.h
  HDRINST usr/include/linux/dvb/video.h
  HDRINST usr/include/linux/eavb_shared.h
  HDRINST usr/include/linux/edd.h
  HOSTCC  scripts/extract-cert
  HDRINST usr/include/linux/efs_fs_sb.h
  HDRINST usr/include/linux/elf-em.h
  HDRINST usr/include/linux/elf-fdpic.h
../arch/arm64/boot/dts/vendor/qcom/holi-coresight.dtsi:1175.5-15: Warning (reg_format): /soc/funnel@8863000/out-ports/port@0:reg: property has invalid length (4 bytes) (#address-cells == 2, #size-cells == 1)
../arch/arm64/boot/dts/vendor/qcom/holi-coresight.dtsi:1184.5-15: Warning (reg_format): /soc/funnel@8863000/out-ports/port@1:reg: property has invalid length (4 bytes) (#address-cells == 2, #size-cells == 1)
../arch/arm64/boot/dts/vendor/qcom/holi-coresight.dtsi:1193.5-15: Warning (reg_format): /soc/funnel@8863000/out-ports/port@2:reg: property has invalid length (4 bytes) (#address-cells == 2, #size-cells == 1)
../arch/arm64/boot/dts/vendor/qcom/holi-coresight.dtsi:1460.5-15: Warning (reg_format): /soc/funnel@8a5f000/out-ports/port@0:reg: property has invalid length (4 bytes) (#address-cells == 2, #size-cells == 1)
../arch/arm64/boot/dts/vendor/qcom/holi-coresight.dtsi:1469.5-15: Warning (reg_format): /soc/funnel@8a5f000/out-ports/port@1:reg: property has invalid length (4 bytes) (#address-cells == 2, #size-cells == 1)
../arch/arm64/boot/dts/vendor/qcom/holi-coresight.dtsi:2012.5-15: Warning (reg_format): /soc/replicator@8046000/out-ports/port@0:reg: property has invalid length (4 bytes) (#address-cells == 2, #size-cells == 1)
arch/arm64/boot/dts/vendor/qcom/holi-moto-base.dtb: Warning (pci_device_bus_num): Failed prerequisite 'reg_format'
arch/arm64/boot/dts/vendor/qcom/holi-moto-base.dtb: Warning (i2c_bus_reg): Failed prerequisite 'reg_format'
arch/arm64/boot/dts/vendor/qcom/holi-moto-base.dtb: Warning (spi_bus_reg): Failed prerequisite 'reg_format'
../arch/arm64/boot/dts/vendor/qcom/holi-coresight.dtsi:1174.11-1181.6: Warning (avoid_default_addr_size): /soc/funnel@8863000/out-ports/port@0: Relying on default #address-cells value
../arch/arm64/boot/dts/vendor/qcom/holi-coresight.dtsi:1174.11-1181.6: Warning (avoid_default_addr_size): /soc/funnel@8863000/out-ports/port@0: Relying on default #size-cells value
../arch/arm64/boot/dts/vendor/qcom/holi-coresight.dtsi:1183.11-1190.6: Warning (avoid_default_addr_size): /soc/funnel@8863000/out-ports/port@1: Relying on default #address-cells value
../arch/arm64/boot/dts/vendor/qcom/holi-coresight.dtsi:1183.11-1190.6: Warning (avoid_default_addr_size): /soc/funnel@8863000/out-ports/port@1: Relying on default #size-cells value
../arch/arm64/boot/dts/vendor/qcom/holi-coresight.dtsi:1192.11-1199.6: Warning (avoid_default_addr_size): /soc/funnel@8863000/out-ports/port@2: Relying on default #address-cells value
../arch/arm64/boot/dts/vendor/qcom/holi-coresight.dtsi:1192.11-1199.6: Warning (avoid_default_addr_size): /soc/funnel@8863000/out-ports/port@2: Relying on default #size-cells value
../arch/arm64/boot/dts/vendor/qcom/holi-coresight.dtsi:1459.11-1466.6: Warning (avoid_default_addr_size): /soc/funnel@8a5f000/out-ports/port@0: Relying on default #address-cells value
../arch/arm64/boot/dts/vendor/qcom/holi-coresight.dtsi:1459.11-1466.6: Warning (avoid_default_addr_size): /soc/funnel@8a5f000/out-ports/port@0: Relying on default #size-cells value
../arch/arm64/boot/dts/vendor/qcom/holi-coresight.dtsi:1468.11-1475.6: Warning (avoid_default_addr_size): /soc/funnel@8a5f000/out-ports/port@1: Relying on default #address-cells value
../arch/arm64/boot/dts/vendor/qcom/holi-coresight.dtsi:1468.11-1475.6: Warning (avoid_default_addr_size): /soc/funnel@8a5f000/out-ports/port@1: Relying on default #size-cells value
../arch/arm64/boot/dts/vendor/qcom/holi-coresight.dtsi:2011.11-2017.6: Warning (avoid_default_addr_size): /soc/replicator@8046000/out-ports/port@0: Relying on default #address-cells value
../arch/arm64/boot/dts/vendor/qcom/holi-coresight.dtsi:2011.11-2017.6: Warning (avoid_default_addr_size): /soc/replicator@8046000/out-ports/port@0: Relying on default #size-cells value
  HDRINST usr/include/linux/elf.h
../arch/arm64/boot/dts/vendor/qcom/holi-coresight.dtsi:1174.11-1181.6: Warning (graph_port): /soc/funnel@8863000/out-ports/port@0: graph node '#address-cells' is -1, must be 1
../arch/arm64/boot/dts/vendor/qcom/holi-coresight.dtsi:1174.11-1181.6: Warning (graph_port): /soc/funnel@8863000/out-ports/port@0: graph node '#size-cells' is -1, must be 0
../arch/arm64/boot/dts/vendor/qcom/holi-coresight.dtsi:1183.11-1190.6: Warning (graph_port): /soc/funnel@8863000/out-ports/port@1: graph node '#address-cells' is -1, must be 1
../arch/arm64/boot/dts/vendor/qcom/holi-coresight.dtsi:1183.11-1190.6: Warning (graph_port): /soc/funnel@8863000/out-ports/port@1: graph node '#size-cells' is -1, must be 0
../arch/arm64/boot/dts/vendor/qcom/holi-coresight.dtsi:1192.11-1199.6: Warning (graph_port): /soc/funnel@8863000/out-ports/port@2: graph node '#address-cells' is -1, must be 1
../arch/arm64/boot/dts/vendor/qcom/holi-coresight.dtsi:1192.11-1199.6: Warning (graph_port): /soc/funnel@8863000/out-ports/port@2: graph node '#size-cells' is -1, must be 0
../arch/arm64/boot/dts/vendor/qcom/holi-coresight.dtsi:1459.11-1466.6: Warning (graph_port): /soc/funnel@8a5f000/out-ports/port@0: graph node '#address-cells' is -1, must be 1
../arch/arm64/boot/dts/vendor/qcom/holi-coresight.dtsi:1459.11-1466.6: Warning (graph_port): /soc/funnel@8a5f000/out-ports/port@0: graph node '#size-cells' is -1, must be 0
../arch/arm64/boot/dts/vendor/qcom/holi-coresight.dtsi:1468.11-1475.6: Warning (graph_port): /soc/funnel@8a5f000/out-ports/port@1: graph node '#address-cells' is -1, must be 1
../arch/arm64/boot/dts/vendor/qcom/holi-coresight.dtsi:1468.11-1475.6: Warning (graph_port): /soc/funnel@8a5f000/out-ports/port@1: graph node '#size-cells' is -1, must be 0
../arch/arm64/boot/dts/vendor/qcom/holi-coresight.dtsi:1481.10-1487.6: Warning (graph_port): /soc/funnel@8a5f000/in-ports/port@: graph node unit address error, expected "0"
../arch/arm64/boot/dts/vendor/qcom/holi-coresight.dtsi:1548.12-1554.6: Warning (graph_port): /soc/tpda@8b67000/in-ports/port@11: graph node unit address error, expected "b"
../arch/arm64/boot/dts/vendor/qcom/holi-coresight.dtsi:1556.12-1562.6: Warning (graph_port): /soc/tpda@8b67000/in-ports/port@12: graph node unit address error, expected "c"
../arch/arm64/boot/dts/vendor/qcom/holi-coresight.dtsi:1564.12-1570.6: Warning (graph_port): /soc/tpda@8b67000/in-ports/port@14: graph node unit address error, expected "e"
../arch/arm64/boot/dts/vendor/qcom/holi-coresight.dtsi:1572.12-1578.6: Warning (graph_port): /soc/tpda@8b67000/in-ports/port@15: graph node unit address error, expected "f"
../arch/arm64/boot/dts/vendor/qcom/holi-coresight.dtsi:1580.12-1586.6: Warning (graph_port): /soc/tpda@8b67000/in-ports/port@27: graph node unit address error, expected "1b"
../arch/arm64/boot/dts/vendor/qcom/holi-coresight.dtsi:1588.12-1594.6: Warning (graph_port): /soc/tpda@8b67000/in-ports/port@28: graph node unit address error, expected "1c"
../arch/arm64/boot/dts/vendor/qcom/holi-coresight.dtsi:1679.12-1685.6: Warning (graph_port): /soc/tpda@8004000/in-ports/port@23: graph node unit address error, expected "17"
../arch/arm64/boot/dts/vendor/qcom/holi-coresight.dtsi:1687.12-1693.6: Warning (graph_port): /soc/tpda@8004000/in-ports/port@24: graph node unit address error, expected "18"
../arch/arm64/boot/dts/vendor/qcom/holi-coresight.dtsi:1695.12-1701.6: Warning (graph_port): /soc/tpda@8004000/in-ports/port@25: graph node unit address error, expected "19"
../arch/arm64/boot/dts/vendor/qcom/holi-coresight.dtsi:1703.12-1709.6: Warning (graph_port): /soc/tpda@8004000/in-ports/port@26: graph node unit address error, expected "1a"
../arch/arm64/boot/dts/vendor/qcom/holi-coresight.dtsi:1711.12-1717.6: Warning (graph_port): /soc/tpda@8004000/in-ports/port@27: graph node unit address error, expected "1b"
../arch/arm64/boot/dts/vendor/qcom/holi-coresight.dtsi:1719.12-1725.6: Warning (graph_port): /soc/tpda@8004000/in-ports/port@28: graph node unit address error, expected "1c"
../arch/arm64/boot/dts/vendor/qcom/holi-coresight.dtsi:1727.12-1733.6: Warning (graph_port): /soc/tpda@8004000/in-ports/port@29: graph node unit address error, expected "1d"
../arch/arm64/boot/dts/vendor/qcom/holi-coresight.dtsi:1735.12-1741.6: Warning (graph_port): /soc/tpda@8004000/in-ports/port@30: graph node unit address error, expected "1e"
../arch/arm64/boot/dts/vendor/qcom/holi-coresight.dtsi:1743.12-1749.6: Warning (graph_port): /soc/tpda@8004000/in-ports/port@31: graph node unit address error, expected "1f"
../arch/arm64/boot/dts/vendor/qcom/holi-coresight.dtsi:2011.11-2017.6: Warning (graph_port): /soc/replicator@8046000/out-ports/port@0: graph node '#address-cells' is -1, must be 1
../arch/arm64/boot/dts/vendor/qcom/holi-coresight.dtsi:2011.11-2017.6: Warning (graph_port): /soc/replicator@8046000/out-ports/port@0: graph node '#size-cells' is -1, must be 0
  HDRINST usr/include/linux/elfcore.h
  HDRINST usr/include/linux/errno.h
  HDRINST usr/include/linux/errqueue.h
  HDRINST usr/include/linux/erspan.h
  HDRINST usr/include/linux/esoc_ctrl.h
  HDRINST usr/include/linux/ethtool.h
  HDRINST usr/include/linux/eventpoll.h
  HDRINST usr/include/linux/fadvise.h
  HDRINST usr/include/linux/falloc.h
  HDRINST usr/include/linux/fanotify.h
  HDRINST usr/include/linux/fb.h
  HDRINST usr/include/linux/fcntl.h
  HDRINST usr/include/linux/fd.h
  HDRINST usr/include/linux/fdreg.h
  HDRINST usr/include/linux/fib_rules.h
  HDRINST usr/include/linux/fiemap.h
  HDRINST usr/include/linux/filter.h
  HDRINST usr/include/linux/fips_status.h
  HDRINST usr/include/linux/firewire-cdev.h
  HDRINST usr/include/linux/firewire-constants.h
  HDRINST usr/include/linux/fou.h
  HDRINST usr/include/linux/fpga-dfl.h
  HDRINST usr/include/linux/fs.h
  HDRINST usr/include/linux/fscrypt.h
  HDRINST usr/include/linux/fsi.h
  HDRINST usr/include/linux/fsl_hypervisor.h
  HDRINST usr/include/linux/fsmap.h
  HDRINST usr/include/linux/fsverity.h
  HDRINST usr/include/linux/fuse.h
  HDRINST usr/include/linux/futex.h
  HDRINST usr/include/linux/gameport.h
  CC      scripts/mod/empty.o
  HOSTCC  scripts/mod/mk_elfconfig
  HDRINST usr/include/linux/gen_stats.h
  HDRINST usr/include/linux/genetlink.h
  HDRINST usr/include/linux/genwqe/genwqe_card.h
  HDRINST usr/include/linux/gfs2_ondisk.h
  DTC     arch/arm64/boot/dts/vendor/qcom/holi-denver-dvt1-overlay.dtbo
  HDRINST usr/include/linux/gigaset_dev.h
  HDRINST usr/include/linux/gpio.h
  HDRINST usr/include/linux/gsmmux.h
  CC      scripts/mod/devicetable-offsets.s
  HDRINST usr/include/linux/gtp.h
  HDRINST usr/include/linux/hab_ioctl.h
  HDRINST usr/include/linux/habmmid.h
  HDRINST usr/include/linux/hash_info.h
  HDRINST usr/include/linux/hdlc.h
  DTC     arch/arm64/boot/dts/vendor/qcom/holi-denver-dvt2-overlay.dtbo
  HDRINST usr/include/linux/hdlc/ioctl.h
  HDRINST usr/include/linux/hdlcdrv.h
  HDRINST usr/include/linux/hdreg.h
  HDRINST usr/include/linux/hgsl.h
  HDRINST usr/include/linux/hid.h
  HDRINST usr/include/linux/hiddev.h
  HDRINST usr/include/linux/hidraw.h
  HDRINST usr/include/linux/hpet.h
Error: ../arch/arm64/boot/dts/vendor/qcom/camera/holi-camera-sensor-mot-denver-overlay.dtsi:316.1-3 syntax error
FATAL ERROR: Unable to parse input tree
Error: ../arch/arm64/boot/dts/vendor/qcom/camera/holi-camera-sensor-mot-denver-overlay.dtsi:316.1-3 syntax error
FATAL ERROR: Unable to parse input tree
make[4]: *** [scripts/Makefile.dtbo:25: arch/arm64/boot/dts/vendor/qcom/holi-denver-dvt1-overlay.dtbo] Error 1
make[4]: *** Waiting for unfinished jobs....
make[4]: *** [scripts/Makefile.dtbo:25: arch/arm64/boot/dts/vendor/qcom/holi-denver-dvt2-overlay.dtbo] Error 1
make[3]: *** [../scripts/Makefile.build:558: arch/arm64/boot/dts/vendor/qcom] Error 2
make[2]: *** [../scripts/Makefile.build:558: arch/arm64/boot/dts/vendor] Error 2
make[1]: *** [/home/zacharyw/GitHub/android_kernel_motorola_msm-5.4/Makefile:1384: dtbs] Error 2
make[1]: *** Waiting for unfinished jobs....
  HDRINST usr/include/linux/hsi/cs-protocol.h
  HDRINST usr/include/linux/hsi/hsi_char.h
  MKELF   scripts/mod/elfconfig.h
  HDRINST usr/include/linux/hsr_netlink.h
  HDRINST usr/include/linux/hw_breakpoint.h
  HOSTCC  scripts/mod/modpost.o
  HDRINST usr/include/linux/hyperv.h
  HOSTCC  scripts/mod/sumversion.o
  HDRINST usr/include/linux/hysdn_if.h
  HDRINST usr/include/linux/i2c-dev.h
  HDRINST usr/include/linux/i2c.h
  UPD     scripts/mod/devicetable-offsets.h
  HDRINST usr/include/linux/i2o-dev.h
  HOSTCC  scripts/mod/file2alias.o
  HDRINST usr/include/linux/i8k.h
  HDRINST usr/include/linux/icmp.h
  HDRINST usr/include/linux/icmpv6.h
  HDRINST usr/include/linux/if.h
  HDRINST usr/include/linux/if_addr.h
  HDRINST usr/include/linux/if_addrlabel.h
  HDRINST usr/include/linux/if_alg.h
  HDRINST usr/include/linux/if_arcnet.h
  HDRINST usr/include/linux/if_arp.h
  HDRINST usr/include/linux/if_bonding.h
  HDRINST usr/include/linux/if_bridge.h
  HDRINST usr/include/linux/if_cablemodem.h
  HDRINST usr/include/linux/if_eql.h
  HDRINST usr/include/linux/if_ether.h
  HDRINST usr/include/linux/if_fc.h
  HDRINST usr/include/linux/if_fddi.h
  HDRINST usr/include/linux/if_frad.h
  HDRINST usr/include/linux/if_hippi.h
  HDRINST usr/include/linux/if_infiniband.h
  HDRINST usr/include/linux/if_link.h
  HDRINST usr/include/linux/if_ltalk.h
  HDRINST usr/include/linux/if_macsec.h
  HDRINST usr/include/linux/if_packet.h
  HDRINST usr/include/linux/if_phonet.h
  HDRINST usr/include/linux/if_plip.h
  HDRINST usr/include/linux/if_ppp.h
  HDRINST usr/include/linux/if_pppol2tp.h
  HDRINST usr/include/linux/if_pppox.h
  HDRINST usr/include/linux/if_slip.h
  HDRINST usr/include/linux/if_team.h
  HDRINST usr/include/linux/if_tun.h
  HDRINST usr/include/linux/if_tunnel.h
  HDRINST usr/include/linux/if_vlan.h
  HDRINST usr/include/linux/if_x25.h
  HDRINST usr/include/linux/if_xdp.h
  HDRINST usr/include/linux/ife.h
  HDRINST usr/include/linux/igmp.h
  HDRINST usr/include/linux/iio/events.h
  HDRINST usr/include/linux/iio/types.h
  HDRINST usr/include/linux/ila.h
  HDRINST usr/include/linux/in.h
  HDRINST usr/include/linux/in6.h
  HDRINST usr/include/linux/in_route.h
  HDRINST usr/include/linux/incrementalfs.h
  HDRINST usr/include/linux/inet_diag.h
  HDRINST usr/include/linux/inotify.h
  HDRINST usr/include/linux/input-event-codes.h
  HDRINST usr/include/linux/input.h
  HDRINST usr/include/linux/io_uring.h
  HDRINST usr/include/linux/ioctl.h
  HDRINST usr/include/linux/iommu.h
  HDRINST usr/include/linux/ion.h
  HDRINST usr/include/linux/ip.h
  HDRINST usr/include/linux/ip6_tunnel.h
  HDRINST usr/include/linux/ip_vs.h
  HDRINST usr/include/linux/ipa_qmi_service_v01.h
  HDRINST usr/include/linux/ipc.h
  HDRINST usr/include/linux/ipmi.h
  HDRINST usr/include/linux/ipmi_bmc.h
  HDRINST usr/include/linux/ipmi_msgdefs.h
  HDRINST usr/include/linux/ipsec.h
  HDRINST usr/include/linux/ipv6.h
  HDRINST usr/include/linux/ipv6_route.h
  HDRINST usr/include/linux/ipx.h
  HDRINST usr/include/linux/irqnr.h
  HDRINST usr/include/linux/isdn/capicmd.h
  HDRINST usr/include/linux/iso_fs.h
  HDRINST usr/include/linux/isst_if.h
  HDRINST usr/include/linux/ivtv.h
  HDRINST usr/include/linux/ivtvfb.h
  HDRINST usr/include/linux/jffs2.h
  HDRINST usr/include/linux/joystick.h
  HDRINST usr/include/linux/kcm.h
  HDRINST usr/include/linux/kcmp.h
  HDRINST usr/include/linux/kcov.h
  HDRINST usr/include/linux/kd.h
  HDRINST usr/include/linux/kdev_t.h
  HDRINST usr/include/linux/kernel-page-flags.h
  HDRINST usr/include/linux/kernel.h
  HDRINST usr/include/linux/kernelcapi.h
  HDRINST usr/include/linux/kexec.h
  HDRINST usr/include/linux/keyboard.h
  HDRINST usr/include/linux/keyctl.h
  HDRINST usr/include/linux/kfd_ioctl.h
  HDRINST usr/include/linux/kvm.h
  HDRINST usr/include/linux/kvm_para.h
  HDRINST usr/include/linux/l2tp.h
  HDRINST usr/include/linux/libc-compat.h
  HDRINST usr/include/linux/lightnvm.h
  HDRINST usr/include/linux/limits.h
  HDRINST usr/include/linux/lirc.h
  HDRINST usr/include/linux/llc.h
  HDRINST usr/include/linux/loop.h
  HDRINST usr/include/linux/lp.h
  HDRINST usr/include/linux/lwtunnel.h
  HDRINST usr/include/linux/magic.h
  HDRINST usr/include/linux/major.h
  HDRINST usr/include/linux/map_to_7segment.h
  HDRINST usr/include/linux/matroxfb.h
  HDRINST usr/include/linux/max2175.h
  HDRINST usr/include/linux/mdio.h
  HDRINST usr/include/linux/media-bus-format.h
  HDRINST usr/include/linux/media.h
  HDRINST usr/include/linux/mei.h
  HDRINST usr/include/linux/mem-buf.h
  HDRINST usr/include/linux/membarrier.h
  HDRINST usr/include/linux/memfd.h
  HDRINST usr/include/linux/mempolicy.h
  HDRINST usr/include/linux/meye.h
  HDRINST usr/include/linux/mhi.h
  HDRINST usr/include/linux/mic_common.h
  HDRINST usr/include/linux/mic_ioctl.h
  HDRINST usr/include/linux/mii.h
  HDRINST usr/include/linux/minix_fs.h
  HDRINST usr/include/linux/mman.h
  HDRINST usr/include/linux/mmc/ioctl.h
  HDRINST usr/include/linux/mmtimer.h
  HDRINST usr/include/linux/module.h
  HDRINST usr/include/linux/mount.h
  HDRINST usr/include/linux/mpls.h
  HDRINST usr/include/linux/mpls_iptunnel.h
  HDRINST usr/include/linux/mqueue.h
  HDRINST usr/include/linux/mroute.h
  HDRINST usr/include/linux/mroute6.h
  HDRINST usr/include/linux/msdos_fs.h
  HDRINST usr/include/linux/msg.h
  HDRINST usr/include/linux/msm_dsps.h
  HDRINST usr/include/linux/msm_geni_serial.h
  HDRINST usr/include/linux/msm_ion.h
  HDRINST usr/include/linux/msm_ion_ids.h
  HDRINST usr/include/linux/msm_ipa.h
  HDRINST usr/include/linux/msm_kgsl.h
  HDRINST usr/include/linux/msm_npu.h
  HDRINST usr/include/linux/msm_rmnet.h
  HDRINST usr/include/linux/mtio.h
  HDRINST usr/include/linux/n_r3964.h
  HDRINST usr/include/linux/nbd-netlink.h
  HOSTLD  scripts/mod/modpost
  HDRINST usr/include/linux/nbd.h
  HDRINST usr/include/linux/ncsi.h
  HDRINST usr/include/linux/ndctl.h
  HDRINST usr/include/linux/neighbour.h
  HDRINST usr/include/linux/net.h
  HDRINST usr/include/linux/net_dropmon.h
  HDRINST usr/include/linux/net_namespace.h
  HDRINST usr/include/linux/net_tstamp.h
  CC      kernel/bounds.s
  HDRINST usr/include/linux/netconf.h
  HDRINST usr/include/linux/netdevice.h
  CALL    ../scripts/atomic/check-atomics.sh
  HDRINST usr/include/linux/netfilter.h
  HDRINST usr/include/linux/netfilter/ipset/ip_set.h
  HDRINST usr/include/linux/netfilter/ipset/ip_set_bitmap.h
  HDRINST usr/include/linux/netfilter/ipset/ip_set_hash.h
  HDRINST usr/include/linux/netfilter/ipset/ip_set_list.h
  HDRINST usr/include/linux/netfilter/nf_conntrack_common.h
  HDRINST usr/include/linux/netfilter/nf_conntrack_ftp.h
  UPD     include/generated/timeconst.h
  HDRINST usr/include/linux/netfilter/nf_conntrack_sctp.h
  HDRINST usr/include/linux/netfilter/nf_conntrack_tcp.h
  HDRINST usr/include/linux/netfilter/nf_conntrack_tuple_common.h
  HDRINST usr/include/linux/netfilter/nf_log.h
  HDRINST usr/include/linux/netfilter/nf_nat.h
  HDRINST usr/include/linux/netfilter/nf_synproxy.h
  HDRINST usr/include/linux/netfilter/nf_tables.h
  HDRINST usr/include/linux/netfilter/nf_tables_compat.h
  HDRINST usr/include/linux/netfilter/nfnetlink.h
  HDRINST usr/include/linux/netfilter/nfnetlink_acct.h
  HDRINST usr/include/linux/netfilter/nfnetlink_compat.h
  HDRINST usr/include/linux/netfilter/nfnetlink_conntrack.h
  HDRINST usr/include/linux/netfilter/nfnetlink_cthelper.h
  HDRINST usr/include/linux/netfilter/nfnetlink_cttimeout.h
  HDRINST usr/include/linux/netfilter/nfnetlink_log.h
  HDRINST usr/include/linux/netfilter/nfnetlink_osf.h
  HDRINST usr/include/linux/netfilter/nfnetlink_queue.h
  HDRINST usr/include/linux/netfilter/x_tables.h
  HDRINST usr/include/linux/netfilter/xt_AUDIT.h
  HDRINST usr/include/linux/netfilter/xt_CHECKSUM.h
  HDRINST usr/include/linux/netfilter/xt_CLASSIFY.h
  HDRINST usr/include/linux/netfilter/xt_CONNMARK.h
  HDRINST usr/include/linux/netfilter/xt_CONNSECMARK.h
  HDRINST usr/include/linux/netfilter/xt_CT.h
  HDRINST usr/include/linux/netfilter/xt_DSCP.h
  HDRINST usr/include/linux/netfilter/xt_HMARK.h
  HDRINST usr/include/linux/netfilter/xt_IDLETIMER.h
  HDRINST usr/include/linux/netfilter/xt_LED.h
  HDRINST usr/include/linux/netfilter/xt_LOG.h
  HDRINST usr/include/linux/netfilter/xt_MARK.h
  HDRINST usr/include/linux/netfilter/xt_NFLOG.h
  HDRINST usr/include/linux/netfilter/xt_NFQUEUE.h
  HDRINST usr/include/linux/netfilter/xt_RATEEST.h
  HDRINST usr/include/linux/netfilter/xt_SECMARK.h
  HDRINST usr/include/linux/netfilter/xt_SYNPROXY.h
  HDRINST usr/include/linux/netfilter/xt_TCPMSS.h
  HDRINST usr/include/linux/netfilter/xt_TCPOPTSTRIP.h
  HDRINST usr/include/linux/netfilter/xt_TEE.h
  HDRINST usr/include/linux/netfilter/xt_TPROXY.h
  HDRINST usr/include/linux/netfilter/xt_addrtype.h
  HDRINST usr/include/linux/netfilter/xt_bpf.h
  HDRINST usr/include/linux/netfilter/xt_cgroup.h
  HDRINST usr/include/linux/netfilter/xt_cluster.h
  HDRINST usr/include/linux/netfilter/xt_comment.h
  HDRINST usr/include/linux/netfilter/xt_connbytes.h
  HDRINST usr/include/linux/netfilter/xt_connlabel.h
  HDRINST usr/include/linux/netfilter/xt_connlimit.h
  HDRINST usr/include/linux/netfilter/xt_connmark.h
  HDRINST usr/include/linux/netfilter/xt_conntrack.h
  HDRINST usr/include/linux/netfilter/xt_cpu.h
  HDRINST usr/include/linux/netfilter/xt_dccp.h
  HDRINST usr/include/linux/netfilter/xt_devgroup.h
  HDRINST usr/include/linux/netfilter/xt_dscp.h
  HDRINST usr/include/linux/netfilter/xt_ecn.h
  HDRINST usr/include/linux/netfilter/xt_esp.h
  HDRINST usr/include/linux/netfilter/xt_hashlimit.h
  HDRINST usr/include/linux/netfilter/xt_helper.h
  HDRINST usr/include/linux/netfilter/xt_ipcomp.h
  UPD     include/generated/bounds.h
  HDRINST usr/include/linux/netfilter/xt_iprange.h
  CC      arch/arm64/kernel/asm-offsets.s
  HDRINST usr/include/linux/netfilter/xt_ipvs.h
  HDRINST usr/include/linux/netfilter/xt_l2tp.h
  HDRINST usr/include/linux/netfilter/xt_length.h
  HDRINST usr/include/linux/netfilter/xt_limit.h
  HDRINST usr/include/linux/netfilter/xt_mac.h
  HDRINST usr/include/linux/netfilter/xt_mark.h
  HDRINST usr/include/linux/netfilter/xt_multiport.h
  HDRINST usr/include/linux/netfilter/xt_nfacct.h
  HDRINST usr/include/linux/netfilter/xt_osf.h
  HDRINST usr/include/linux/netfilter/xt_owner.h
  HDRINST usr/include/linux/netfilter/xt_physdev.h
  HDRINST usr/include/linux/netfilter/xt_pkttype.h
  HDRINST usr/include/linux/netfilter/xt_policy.h
  HDRINST usr/include/linux/netfilter/xt_quota.h
  HDRINST usr/include/linux/netfilter/xt_rateest.h
  HDRINST usr/include/linux/netfilter/xt_realm.h
  HDRINST usr/include/linux/netfilter/xt_recent.h
  HDRINST usr/include/linux/netfilter/xt_rpfilter.h
  HDRINST usr/include/linux/netfilter/xt_sctp.h
  HDRINST usr/include/linux/netfilter/xt_set.h
  HDRINST usr/include/linux/netfilter/xt_socket.h
  HDRINST usr/include/linux/netfilter/xt_state.h
  HDRINST usr/include/linux/netfilter/xt_string.h
  HDRINST usr/include/linux/netfilter/xt_statistic.h
  HDRINST usr/include/linux/netfilter/xt_tcpmss.h
  HDRINST usr/include/linux/netfilter/xt_tcpudp.h
  HDRINST usr/include/linux/netfilter/xt_time.h
  HDRINST usr/include/linux/netfilter/xt_u32.h
  HDRINST usr/include/linux/netfilter_arp.h
  HDRINST usr/include/linux/netfilter_arp/arp_tables.h
  HDRINST usr/include/linux/netfilter_arp/arpt_mangle.h
  HDRINST usr/include/linux/netfilter_bridge.h
  HDRINST usr/include/linux/netfilter_bridge/ebt_802_3.h
  HDRINST usr/include/linux/netfilter_bridge/ebt_among.h
  HDRINST usr/include/linux/netfilter_bridge/ebt_arp.h
  HDRINST usr/include/linux/netfilter_bridge/ebt_arpreply.h
  HDRINST usr/include/linux/netfilter_bridge/ebt_ip.h
  HDRINST usr/include/linux/netfilter_bridge/ebt_ip6.h
  HDRINST usr/include/linux/netfilter_bridge/ebt_limit.h
  HDRINST usr/include/linux/netfilter_bridge/ebt_log.h
  HDRINST usr/include/linux/netfilter_bridge/ebt_mark_m.h
  HDRINST usr/include/linux/netfilter_bridge/ebt_mark_t.h
  HDRINST usr/include/linux/netfilter_bridge/ebt_nat.h
  HDRINST usr/include/linux/netfilter_bridge/ebt_nflog.h
  HDRINST usr/include/linux/netfilter_bridge/ebt_pkttype.h
  HDRINST usr/include/linux/netfilter_bridge/ebt_redirect.h
  HDRINST usr/include/linux/netfilter_bridge/ebt_stp.h
  HDRINST usr/include/linux/netfilter_bridge/ebt_vlan.h
  HDRINST usr/include/linux/netfilter_bridge/ebtables.h
  HDRINST usr/include/linux/netfilter_decnet.h
  HDRINST usr/include/linux/netfilter_ipv4.h
  HDRINST usr/include/linux/netfilter_ipv4/ip_tables.h
  HDRINST usr/include/linux/netfilter_ipv4/ipt_CLUSTERIP.h
  HDRINST usr/include/linux/netfilter_ipv4/ipt_ECN.h
  HDRINST usr/include/linux/netfilter_ipv4/ipt_LOG.h
  HDRINST usr/include/linux/netfilter_ipv4/ipt_NATTYPE.h
  HDRINST usr/include/linux/netfilter_ipv4/ipt_REJECT.h
  HDRINST usr/include/linux/netfilter_ipv4/ipt_TRIGGER.h
  HDRINST usr/include/linux/netfilter_ipv4/ipt_TTL.h
  HDRINST usr/include/linux/netfilter_ipv4/ipt_ah.h
  HDRINST usr/include/linux/netfilter_ipv4/ipt_ecn.h
  HDRINST usr/include/linux/netfilter_ipv4/ipt_ttl.h
  HDRINST usr/include/linux/netfilter_ipv6.h
  HDRINST usr/include/linux/netfilter_ipv6/ip6_tables.h
  HDRINST usr/include/linux/netfilter_ipv6/ip6t_HL.h
  HDRINST usr/include/linux/netfilter_ipv6/ip6t_LOG.h
  HDRINST usr/include/linux/netfilter_ipv6/ip6t_NPT.h
  HDRINST usr/include/linux/netfilter_ipv6/ip6t_REJECT.h
  HDRINST usr/include/linux/netfilter_ipv6/ip6t_ah.h
  HDRINST usr/include/linux/netfilter_ipv6/ip6t_frag.h
  HDRINST usr/include/linux/netfilter_ipv6/ip6t_hl.h
  HDRINST usr/include/linux/netfilter_ipv6/ip6t_ipv6header.h
  HDRINST usr/include/linux/netfilter_ipv6/ip6t_mh.h
  HDRINST usr/include/linux/netfilter_ipv6/ip6t_opts.h
  HDRINST usr/include/linux/netfilter_ipv6/ip6t_rt.h
  HDRINST usr/include/linux/netfilter_ipv6/ip6t_srh.h
  HDRINST usr/include/linux/netlink.h
  HDRINST usr/include/linux/netlink_diag.h
In file included from ../arch/arm64/kernel/asm-offsets.c:10:
In file included from ../include/linux/arm_sdei.h:14:
In file included from ../include/acpi/ghes.h:5:
In file included from ../include/acpi/apei.h:9:
In file included from ../include/linux/acpi.h:13:
In file included from ../include/linux/irqdomain.h:35:
In file included from ../include/linux/of.h:17:
In file included from ../include/linux/kobject.h:20:
In file included from ../include/linux/sysfs.h:16:
In file included from ../include/linux/kernfs.h:12:
In file included from ../include/linux/mutex.h:19:
In file included from ../arch/arm64/include/asm/processor.h:38:
In file included from ../arch/arm64/include/asm/pointer_auth.h:37:
In file included from ../include/linux/random.h:101:
In file included from ../include/linux/prandom.h:12:
In file included from ../include/linux/percpu.h:6:
In file included from ../include/linux/preempt.h:78:
In file included from ../arch/arm64/include/asm/preempt.h:5:
In file included from ../include/linux/thread_info.h:39:
In file included from ../arch/arm64/include/asm/thread_info.h:18:
../arch/arm64/include/asm/stack_pointer.h:8:51: error: register 'sp' unsuitable for global register variables on this target
    8 | register unsigned long current_stack_pointer asm ("sp");
      |                                                   ^
  HDRINST usr/include/linux/netrom.h
  HDRINST usr/include/linux/nexthop.h
  HDRINST usr/include/linux/nfc.h
  HDRINST usr/include/linux/nfc/nfcinfo.h
  HDRINST usr/include/linux/nfs.h
  HDRINST usr/include/linux/nfs2.h
  HDRINST usr/include/linux/nfs3.h
  HDRINST usr/include/linux/nfs4.h
  HDRINST usr/include/linux/nfs_fs.h
  HDRINST usr/include/linux/nfs4_mount.h
  HDRINST usr/include/linux/nfs_idmap.h
  HDRINST usr/include/linux/nfs_mount.h
  HDRINST usr/include/linux/nfsacl.h
  HDRINST usr/include/linux/nfsd/cld.h
  HDRINST usr/include/linux/nfsd/debug.h
  HDRINST usr/include/linux/nfsd/export.h
  HDRINST usr/include/linux/nfsd/nfsfh.h
  HDRINST usr/include/linux/nfsd/stats.h
  HDRINST usr/include/linux/nilfs2_api.h
  HDRINST usr/include/linux/nilfs2_ondisk.h
  HDRINST usr/include/linux/nl80211.h
  HDRINST usr/include/linux/nsfs.h
  HDRINST usr/include/linux/nubus.h
  HDRINST usr/include/linux/nvme_ioctl.h
  HDRINST usr/include/linux/nvram.h
  HDRINST usr/include/linux/omap3isp.h
  HDRINST usr/include/linux/omapfb.h
  HDRINST usr/include/linux/oom.h
  HDRINST usr/include/linux/openvswitch.h
  HDRINST usr/include/linux/packet_diag.h
  HDRINST usr/include/linux/param.h
  HDRINST usr/include/linux/parport.h
  HDRINST usr/include/linux/patchkey.h
  HDRINST usr/include/linux/pci.h
  HDRINST usr/include/linux/pci_regs.h
  HDRINST usr/include/linux/pcitest.h
  HDRINST usr/include/linux/perf_event.h
  HDRINST usr/include/linux/personality.h
  HDRINST usr/include/linux/pfkeyv2.h
  HDRINST usr/include/linux/pg.h
  HDRINST usr/include/linux/phantom.h
  HDRINST usr/include/linux/pkt_cls.h
  HDRINST usr/include/linux/pkt_sched.h
  HDRINST usr/include/linux/phonet.h
  HDRINST usr/include/linux/pktcdvd.h
  HDRINST usr/include/linux/pmu.h
  HDRINST usr/include/linux/poll.h
  HDRINST usr/include/linux/posix_acl.h
  HDRINST usr/include/linux/posix_acl_xattr.h
  HDRINST usr/include/linux/posix_types.h
  HDRINST usr/include/linux/ppdev.h
  HDRINST usr/include/linux/ppp-comp.h
  HDRINST usr/include/linux/ppp-ioctl.h
  HDRINST usr/include/linux/ppp_defs.h
  HDRINST usr/include/linux/pps.h
  HDRINST usr/include/linux/pr.h
  HDRINST usr/include/linux/prctl.h
  HDRINST usr/include/linux/psample.h
  HDRINST usr/include/linux/psci.h
  HDRINST usr/include/linux/psp-sev.h
  HDRINST usr/include/linux/ptp_clock.h
  HDRINST usr/include/linux/ptrace.h
  HDRINST usr/include/linux/qbg-profile.h
  HDRINST usr/include/linux/qbg.h
  HDRINST usr/include/linux/qbt_handler.h
  HDRINST usr/include/linux/qcedev.h
  HDRINST usr/include/linux/qcota.h
  HDRINST usr/include/linux/qemu_fw_cfg.h
  HDRINST usr/include/linux/qg-profile.h
  HDRINST usr/include/linux/qg.h
  HDRINST usr/include/linux/qnx4_fs.h
  HDRINST usr/include/linux/qnxtypes.h
  HDRINST usr/include/linux/qrng.h
  HDRINST usr/include/linux/qrtr.h
  HDRINST usr/include/linux/qseecom.h
  HDRINST usr/include/linux/quota.h
  HDRINST usr/include/linux/radeonfb.h
  HDRINST usr/include/linux/raid/md_p.h
  HDRINST usr/include/linux/raid/md_u.h
  HDRINST usr/include/linux/random.h
  HDRINST usr/include/linux/reboot.h
  HDRINST usr/include/linux/rds.h
  HDRINST usr/include/linux/raw.h
  HDRINST usr/include/linux/reiserfs_fs.h
  HDRINST usr/include/linux/reiserfs_xattr.h
  HDRINST usr/include/linux/resource.h
  HDRINST usr/include/linux/rfkill.h
  HDRINST usr/include/linux/rio_cm_cdev.h
  HDRINST usr/include/linux/rio_mport_cdev.h
  HDRINST usr/include/linux/rmnet_data.h
  HDRINST usr/include/linux/rmnet_ipa_fd_ioctl.h
  HDRINST usr/include/linux/romfs_fs.h
  HDRINST usr/include/linux/rose.h
  HDRINST usr/include/linux/route.h
  HDRINST usr/include/linux/rpmsg.h
  HDRINST usr/include/linux/rseq.h
  HDRINST usr/include/linux/rtc.h
  HDRINST usr/include/linux/rtnetlink.h
  HDRINST usr/include/linux/rxrpc.h
  HDRINST usr/include/linux/scc.h
  HDRINST usr/include/linux/sched.h
  HDRINST usr/include/linux/sched/types.h
  HDRINST usr/include/linux/scif_ioctl.h
  HDRINST usr/include/linux/screen_info.h
  HDRINST usr/include/linux/sctp.h
  HDRINST usr/include/linux/sdla.h
  HDRINST usr/include/linux/seccomp.h
  HDRINST usr/include/linux/securebits.h
  HDRINST usr/include/linux/sed-opal.h
  HDRINST usr/include/linux/seg6.h
  HDRINST usr/include/linux/seg6_genl.h
  HDRINST usr/include/linux/seg6_hmac.h
  HDRINST usr/include/linux/seg6_iptunnel.h
  HDRINST usr/include/linux/seg6_local.h
  HDRINST usr/include/linux/selinux_netlink.h
  HDRINST usr/include/linux/sem.h
  HDRINST usr/include/linux/serial.h
  HDRINST usr/include/linux/serial_core.h
  HDRINST usr/include/linux/serial_reg.h
  HDRINST usr/include/linux/serio.h
  HDRINST usr/include/linux/shm.h
  HDRINST usr/include/linux/signal.h
  HDRINST usr/include/linux/signalfd.h
  HDRINST usr/include/linux/slatecom_interface.h
  HDRINST usr/include/linux/smc.h
  HDRINST usr/include/linux/smc_diag.h
  HDRINST usr/include/linux/smcinvoke.h
  HDRINST usr/include/linux/smiapp.h
  HDRINST usr/include/linux/snmp.h
  HDRINST usr/include/linux/sock_diag.h
  HDRINST usr/include/linux/socket.h
  HDRINST usr/include/linux/sockios.h
  HDRINST usr/include/linux/sonet.h
  HDRINST usr/include/linux/sonypi.h
  HDRINST usr/include/linux/sound.h
  HDRINST usr/include/linux/soundcard.h
  HDRINST usr/include/linux/spcom.h
  HDRINST usr/include/linux/spi/spidev.h
  HDRINST usr/include/linux/spss_utils.h
  HDRINST usr/include/linux/stat.h
  HDRINST usr/include/linux/stddef.h
  HDRINST usr/include/linux/stm.h
  HDRINST usr/include/linux/string.h
  HDRINST usr/include/linux/suspend_ioctls.h
  HDRINST usr/include/linux/sunrpc/debug.h
  HDRINST usr/include/linux/swab.h
  HDRINST usr/include/linux/switchtec_ioctl.h
  HDRINST usr/include/linux/sync_file.h
  HDRINST usr/include/linux/synclink.h
  HDRINST usr/include/linux/sysctl.h
  HDRINST usr/include/linux/sysinfo.h
  HDRINST usr/include/linux/sysstats.h
  HDRINST usr/include/linux/target_core_user.h
  HDRINST usr/include/linux/taskstats.h
  HDRINST usr/include/linux/tc_act/tc_bpf.h
  HDRINST usr/include/linux/tc_act/tc_csum.h
  HDRINST usr/include/linux/tc_act/tc_connmark.h
  HDRINST usr/include/linux/tc_act/tc_ct.h
  HDRINST usr/include/linux/tc_act/tc_ctinfo.h
  HDRINST usr/include/linux/tc_act/tc_defact.h
  HDRINST usr/include/linux/tc_act/tc_gact.h
  HDRINST usr/include/linux/tc_act/tc_ife.h
  HDRINST usr/include/linux/tc_act/tc_ipt.h
  HDRINST usr/include/linux/tc_act/tc_mirred.h
  HDRINST usr/include/linux/tc_act/tc_mpls.h
  HDRINST usr/include/linux/tc_act/tc_nat.h
  HDRINST usr/include/linux/tc_act/tc_pedit.h
  HDRINST usr/include/linux/tc_act/tc_sample.h
  HDRINST usr/include/linux/tc_act/tc_skbedit.h
  HDRINST usr/include/linux/tc_act/tc_skbmod.h
  HDRINST usr/include/linux/tc_act/tc_tunnel_key.h
  HDRINST usr/include/linux/tc_act/tc_vlan.h
  HDRINST usr/include/linux/tc_ematch/tc_em_cmp.h
  HDRINST usr/include/linux/tc_ematch/tc_em_ipt.h
  HDRINST usr/include/linux/tc_ematch/tc_em_meta.h
  HDRINST usr/include/linux/tc_ematch/tc_em_nbyte.h
  HDRINST usr/include/linux/tc_ematch/tc_em_text.h
  HDRINST usr/include/linux/tcp.h
  HDRINST usr/include/linux/tcp_metrics.h
  HDRINST usr/include/linux/tee.h
  HDRINST usr/include/linux/termios.h
  HDRINST usr/include/linux/thermal.h
  HDRINST usr/include/linux/time.h
  HDRINST usr/include/linux/time_types.h
  HDRINST usr/include/linux/timerfd.h
  HDRINST usr/include/linux/times.h
  HDRINST usr/include/linux/timex.h
  HDRINST usr/include/linux/tiocl.h
  HDRINST usr/include/linux/tipc.h
  HDRINST usr/include/linux/tipc_config.h
  HDRINST usr/include/linux/tipc_netlink.h
  HDRINST usr/include/linux/tipc_sockets_diag.h
  HDRINST usr/include/linux/tls.h
  HDRINST usr/include/linux/toshiba.h
  HDRINST usr/include/linux/tty.h
  HDRINST usr/include/linux/tty_flags.h
  HDRINST usr/include/linux/types.h
  HDRINST usr/include/linux/udf_fs_i.h
  HDRINST usr/include/linux/udmabuf.h
  HDRINST usr/include/linux/udp.h
  HDRINST usr/include/linux/uhid.h
  HDRINST usr/include/linux/uinput.h
  HDRINST usr/include/linux/uio.h
  HDRINST usr/include/linux/uleds.h
  HDRINST usr/include/linux/ultrasound.h
  HDRINST usr/include/linux/un.h
  HDRINST usr/include/linux/unistd.h
  HDRINST usr/include/linux/unix_diag.h
  HDRINST usr/include/linux/usb/audio.h
  HDRINST usr/include/linux/usb/cdc-wdm.h
  HDRINST usr/include/linux/usb/cdc.h
  HDRINST usr/include/linux/usb/ch11.h
  HDRINST usr/include/linux/usb/ch9.h
  HDRINST usr/include/linux/usb/charger.h
  HDRINST usr/include/linux/usb/f_accessory.h
  HDRINST usr/include/linux/usb/functionfs.h
  HDRINST usr/include/linux/usb/g_printer.h
  HDRINST usr/include/linux/usb/g_uvc.h
  HDRINST usr/include/linux/usb/gadgetfs.h
  HDRINST usr/include/linux/usb/midi.h
  HDRINST usr/include/linux/usb/raw_gadget.h
  HDRINST usr/include/linux/usb/tmc.h
  HDRINST usr/include/linux/usb/usb_ctrl_qti.h
  HDRINST usr/include/linux/usb/video.h
  HDRINST usr/include/linux/usbdevice_fs.h
  HDRINST usr/include/linux/usbip.h
  HDRINST usr/include/linux/userfaultfd.h
  HDRINST usr/include/linux/userio.h
  HDRINST usr/include/linux/utime.h
  HDRINST usr/include/linux/uuid.h
  HDRINST usr/include/linux/utsname.h
  HDRINST usr/include/linux/uvcvideo.h
  HDRINST usr/include/linux/v4l2-common.h
  HDRINST usr/include/linux/v4l2-controls.h
  HDRINST usr/include/linux/v4l2-dv-timings.h
In file included from ../arch/arm64/kernel/asm-offsets.c:14:
In file included from ../include/linux/kvm_host.h:36:
In file included from ../arch/arm64/include/asm/kvm_host.h:19:
In file included from ../arch/arm64/include/asm/arch_gicv3.h:17:
In file included from ../arch/arm64/include/asm/cacheflush.h:11:
In file included from ../include/linux/kgdb.h:20:
../arch/arm64/include/asm/kgdb.h:21:25: error: value '1025' out of range for constraint 'I'
   21 |         asm ("brk %0" : : "I" (KGDB_COMPILED_DBG_BRK_IMM));
      |                                ^~~~~~~~~~~~~~~~~~~~~~~~~
../arch/arm64/include/asm/brk-imm.h:26:35: note: expanded from macro 'KGDB_COMPILED_DBG_BRK_IMM'
   26 | #define KGDB_COMPILED_DBG_BRK_IMM       0x401
      |                                         ^~~~~
  HDRINST usr/include/linux/v4l2-mediabus.h
  HDRINST usr/include/linux/v4l2-subdev.h
  HDRINST usr/include/linux/vbox_err.h
  HDRINST usr/include/linux/vbox_vmmdev_types.h
  HDRINST usr/include/linux/vboxguest.h
  HDRINST usr/include/linux/vfio.h
  HDRINST usr/include/linux/veth.h
  HDRINST usr/include/linux/vfio_ccw.h
  HDRINST usr/include/linux/vhost.h
  HDRINST usr/include/linux/vhost_types.h
  HDRINST usr/include/linux/videodev2.h
  HDRINST usr/include/linux/virtio_9p.h
  HDRINST usr/include/linux/virtio_balloon.h
  HDRINST usr/include/linux/virtio_blk.h
  HDRINST usr/include/linux/virtio_config.h
  HDRINST usr/include/linux/virtio_console.h
  HDRINST usr/include/linux/virtio_crypto.h
  HDRINST usr/include/linux/virtio_fs.h
  HDRINST usr/include/linux/virtio_gpu.h
  HDRINST usr/include/linux/virtio_ids.h
  HDRINST usr/include/linux/virtio_iommu.h
  HDRINST usr/include/linux/virtio_input.h
  HDRINST usr/include/linux/virtio_mmio.h
  HDRINST usr/include/linux/virtio_net.h
  HDRINST usr/include/linux/virtio_pci.h
  HDRINST usr/include/linux/virtio_pmem.h
  HDRINST usr/include/linux/virtio_ring.h
  HDRINST usr/include/linux/virtio_rng.h
  HDRINST usr/include/linux/virtio_scsi.h
  HDRINST usr/include/linux/virtio_types.h
  HDRINST usr/include/linux/virtio_vsock.h
  HDRINST usr/include/linux/vm_sockets.h
  HDRINST usr/include/linux/vm_sockets_diag.h
  HDRINST usr/include/linux/vmcore.h
  HDRINST usr/include/linux/vsockmon.h
  HDRINST usr/include/linux/vt.h
  HDRINST usr/include/linux/vtpm_proxy.h
  HDRINST usr/include/linux/wait.h
  HDRINST usr/include/linux/watchdog.h
  HDRINST usr/include/linux/wil6210_uapi.h
  HDRINST usr/include/linux/wimax.h
  HDRINST usr/include/linux/wimax/i2400m.h
  HDRINST usr/include/linux/wireless.h
  HDRINST usr/include/linux/wmi.h
  HDRINST usr/include/linux/x25.h
  HDRINST usr/include/linux/xattr.h
  HDRINST usr/include/linux/xdp_diag.h
  HDRINST usr/include/linux/xfrm.h
  HDRINST usr/include/linux/xilinx-v4l2-controls.h
  HDRINST usr/include/linux/zorro.h
  HDRINST usr/include/linux/zorro_ids.h
  HDRINST usr/include/media/msm_cvp_private.h
  HDRINST usr/include/media/radio-iris-commands.h
  HDRINST usr/include/media/radio-iris.h
  HDRINST usr/include/media/synx.h
  HDRINST usr/include/misc/cxl.h
  HDRINST usr/include/misc/fastrpc.h
  HDRINST usr/include/misc/habanalabs.h
  HDRINST usr/include/misc/ocxl.h
  HDRINST usr/include/misc/wigig_sensing_uapi.h
  HDRINST usr/include/misc/xilinx_sdfec.h
  HDRINST usr/include/mtd/inftl-user.h
  HDRINST usr/include/mtd/mtd-abi.h
  HDRINST usr/include/mtd/mtd-user.h
  HDRINST usr/include/mtd/nftl-user.h
  HDRINST usr/include/mtd/ubi-user.h
  HDRINST usr/include/rdma/bnxt_re-abi.h
  HDRINST usr/include/rdma/cxgb3-abi.h
  HDRINST usr/include/rdma/cxgb4-abi.h
  HDRINST usr/include/rdma/efa-abi.h
  HDRINST usr/include/rdma/hfi/hfi1_ioctl.h
  HDRINST usr/include/rdma/hfi/hfi1_user.h
  HDRINST usr/include/rdma/hns-abi.h
  HDRINST usr/include/rdma/i40iw-abi.h
  HDRINST usr/include/rdma/ib_user_ioctl_cmds.h
  HDRINST usr/include/rdma/ib_user_ioctl_verbs.h
  HDRINST usr/include/rdma/ib_user_mad.h
  HDRINST usr/include/rdma/ib_user_sa.h
  HDRINST usr/include/rdma/ib_user_verbs.h
  HDRINST usr/include/rdma/mlx4-abi.h
  HDRINST usr/include/rdma/mlx5-abi.h
  HDRINST usr/include/rdma/mlx5_user_ioctl_verbs.h
  HDRINST usr/include/rdma/mlx5_user_ioctl_cmds.h
  HDRINST usr/include/rdma/mthca-abi.h
  HDRINST usr/include/rdma/ocrdma-abi.h
  HDRINST usr/include/rdma/qedr-abi.h
  HDRINST usr/include/rdma/rdma_netlink.h
  HDRINST usr/include/rdma/rdma_user_cm.h
  HDRINST usr/include/rdma/rdma_user_ioctl.h
  HDRINST usr/include/rdma/rdma_user_ioctl_cmds.h
  HDRINST usr/include/rdma/rdma_user_rxe.h
2 errors generated.
  HDRINST usr/include/rdma/rvt-abi.h
make[2]: *** [../scripts/Makefile.build:104: arch/arm64/kernel/asm-offsets.s] Error 1
make[1]: *** [/home/zacharyw/GitHub/android_kernel_motorola_msm-5.4/Makefile:1225: prepare0] Error 2
  HDRINST usr/include/rdma/vmw_pvrdma-abi.h
  HDRINST usr/include/rdma/siw-abi.h
  HDRINST usr/include/scsi/cxlflash_ioctl.h
  HDRINST usr/include/scsi/fc/fc_els.h
  HDRINST usr/include/scsi/fc/fc_fs.h
  HDRINST usr/include/scsi/fc/fc_ns.h
  HDRINST usr/include/scsi/fc/fc_gs.h
  HDRINST usr/include/scsi/scsi_bsg_fc.h
  HDRINST usr/include/scsi/scsi_bsg_ufs.h
  HDRINST usr/include/scsi/scsi_netlink_fc.h
  HDRINST usr/include/scsi/scsi_netlink.h
  HDRINST usr/include/sound/asequencer.h
  HDRINST usr/include/sound/asoc.h
  HDRINST usr/include/sound/asound.h
  HDRINST usr/include/sound/asound_fm.h
  HDRINST usr/include/sound/compress_offload.h
  HDRINST usr/include/sound/compress_params.h
  HDRINST usr/include/sound/emu10k1.h
  HDRINST usr/include/sound/firewire.h
  HDRINST usr/include/sound/hdsp.h
  HDRINST usr/include/sound/hdspm.h
  HDRINST usr/include/sound/sb16_csp.h
  HDRINST usr/include/sound/sfnt_info.h
  HDRINST usr/include/sound/skl-tplg-interface.h
  HDRINST usr/include/sound/snd_sst_tokens.h
  HDRINST usr/include/sound/sof/abi.h
  HDRINST usr/include/sound/sof/fw.h
  HDRINST usr/include/sound/sof/header.h
  HDRINST usr/include/sound/sof/tokens.h
  HDRINST usr/include/sound/tlv.h
  HDRINST usr/include/sound/usb_stream.h
  HDRINST usr/include/video/edid.h
  HDRINST usr/include/video/sisfb.h
  HDRINST usr/include/video/uvesafb.h
  HDRINST usr/include/xen/evtchn.h
  HDRINST usr/include/xen/gntalloc.h
  HDRINST usr/include/xen/gntdev.h
  HDRINST usr/include/xen/privcmd.h
  HDRINST usr/include/linux/version.h
  HDRINST usr/include/asm/bitsperlong.h
  HDRINST usr/include/asm/auxvec.h
  HDRINST usr/include/asm/bpf_perf_event.h
  HDRINST usr/include/asm/byteorder.h
  HDRINST usr/include/asm/fcntl.h
  HDRINST usr/include/asm/hwcap.h
  HDRINST usr/include/asm/kvm.h
  HDRINST usr/include/asm/param.h
  HDRINST usr/include/asm/perf_regs.h
  HDRINST usr/include/asm/posix_types.h
  HDRINST usr/include/asm/ptrace.h
  HDRINST usr/include/asm/setup.h
  HDRINST usr/include/asm/sigcontext.h
  HDRINST usr/include/asm/signal.h
  HDRINST usr/include/asm/statfs.h
  HDRINST usr/include/asm/sve_context.h
  HDRINST usr/include/asm/ucontext.h
  HDRINST usr/include/asm/unistd.h
  HDRINST usr/include/asm/kvm_para.h
  HDRINST usr/include/asm/ioctl.h
  HDRINST usr/include/asm/errno.h
  HDRINST usr/include/asm/ioctls.h
  HDRINST usr/include/asm/ipcbuf.h
  HDRINST usr/include/asm/mman.h
  HDRINST usr/include/asm/msgbuf.h
  HDRINST usr/include/asm/poll.h
  HDRINST usr/include/asm/resource.h
  HDRINST usr/include/asm/sembuf.h
  HDRINST usr/include/asm/shmbuf.h
  HDRINST usr/include/asm/siginfo.h
  HDRINST usr/include/asm/socket.h
  HDRINST usr/include/asm/stat.h
  HDRINST usr/include/asm/swab.h
  HDRINST usr/include/asm/termbits.h
  HDRINST usr/include/asm/sockios.h
  HDRINST usr/include/asm/types.h
  HDRINST usr/include/asm/termios.h
  HDRINST usr/include/audio/linux/avtimer.h
  HDRINST usr/include/audio/linux/mfd/wcd9xxx/wcd9320_registers.h
  HDRINST usr/include/audio/linux/mfd/wcd9xxx/wcd9xxx_registers.h
  HDRINST usr/include/audio/linux/msm_audio.h
  HDRINST usr/include/audio/linux/msm_audio_aac.h
  HDRINST usr/include/audio/linux/msm_audio_ac3.h
  HDRINST usr/include/audio/linux/msm_audio_alac.h
  HDRINST usr/include/audio/linux/msm_audio_amrnb.h
  HDRINST usr/include/audio/linux/msm_audio_amrwb.h
  HDRINST usr/include/audio/linux/msm_audio_amrwbplus.h
  HDRINST usr/include/audio/linux/msm_audio_ape.h
  HDRINST usr/include/audio/linux/msm_audio_ar.h
  HDRINST usr/include/audio/linux/msm_audio_calibration.h
  HDRINST usr/include/audio/linux/msm_audio_g711.h
  HDRINST usr/include/audio/linux/msm_audio_g711_dec.h
  HDRINST usr/include/audio/linux/msm_audio_mvs.h
  HDRINST usr/include/audio/linux/msm_audio_qcp.h
  HDRINST usr/include/audio/linux/msm_audio_sbc.h
  HDRINST usr/include/audio/linux/msm_audio_voicememo.h
  HDRINST usr/include/audio/linux/msm_audio_wma.h
  HDRINST usr/include/audio/linux/msm_audio_wmapro.h
  HDRINST usr/include/audio/linux/wcd-spi-ac-params.h
  HDRINST usr/include/audio/sound/audio_compressed_formats.h
  HDRINST usr/include/audio/sound/audio_effects.h
  HDRINST usr/include/audio/sound/audio_slimslave.h
  HDRINST usr/include/audio/sound/devdep_params.h
  HDRINST usr/include/audio/sound/lsm_params.h
  HDRINST usr/include/audio/sound/msmcal-hwdep.h
  HDRINST usr/include/audio/sound/voice_params.h
  HDRINST usr/include/audio/sound/wcd-dsp-glink.h
  HDRINST usr/include/camera/media/cam_cpas.h
  HDRINST usr/include/camera/media/cam_custom.h
  HDRINST usr/include/camera/media/cam_defs.h
  HDRINST usr/include/camera/media/cam_fd.h
  HDRINST usr/include/camera/media/cam_icp.h
  HDRINST usr/include/camera/media/cam_isp.h
  HDRINST usr/include/camera/media/cam_isp_ife.h
  HDRINST usr/include/camera/media/cam_isp_sfe.h
  HDRINST usr/include/camera/media/cam_isp_tfe.h
  HDRINST usr/include/camera/media/cam_isp_vfe.h
  HDRINST usr/include/camera/media/cam_jpeg.h
  HDRINST usr/include/camera/media/cam_lrme.h
  HDRINST usr/include/camera/media/cam_ope.h
  HDRINST usr/include/camera/media/cam_req_mgr.h
  HDRINST usr/include/camera/media/cam_sync.h
  HDRINST usr/include/camera/media/cam_tfe.h
  HDRINST usr/include/display/drm/msm_drm_pp.h
  HDRINST usr/include/display/hdcp/msm_hdmi_hdcp_mgr.h
  HDRINST usr/include/display/media/mmm_color_fmt.h
  HDRINST usr/include/display/drm/sde_drm.h
  HDRINST usr/include/display/media/msm_sde_rotator.h
  HDRINST usr/include/vidc/media/msm_media_info.h
  HDRINST usr/include/vidc/media/msm_vidc_utils.h
make: *** [Makefile:183: sub-make] Error 2
